10
1
10
1
100
200
300
1
0
200
300
1000
27
19
39
11
3
1
2
27
19
11
39
3
1
2
1
2
4
5
6
3
7
9
10
8
3
1
2
6
4
5
1
2
3
4
5
7
8
6
9
10
3
1
2
6
4
5
2
1
0
1
2
3
4
0
1
4
2
3
